C51 COMPILER V9.60.0.0   MAIN                                                              11/19/2020 04:19:57 PAGE 1   


C51 COMPILER V9.60.0.0, COMPILATION OF MODULE MAIN
OBJECT MODULE PLACED IN .\Objects\main.obj
COMPILER INVOKED BY: C:\Keil_v5\C51\BIN\C51.EXE main.c OPTIMIZE(1,SPEED) BROWSE DEBUG OBJECTEXTEND CODE PRINT(.\Listings
                    -\main.lst) TABS(2) OBJECT(.\Objects\main.obj)

line level    source

   1          #include <reg51.h>
   2          
   3          intt0() interrupt 1  { 
   4   1        if (P3 == 0) {
   5   2          P3 = 100; 
   6   2        } else {
   7   2          P3 = 0;
   8   2        }
   9   1      }
  10          
  11          main(){
  12   1        TMOD = 1;  
  13   1        IT1 = 1;
  14   1        ET0 = 1;      
  15   1        TR0 = 1;       
  16   1        EA = 1;       
  17   1      
  18   1        while(1);    
  19   1      }
  20          
  21          
  22          
  23          
  24          
  25          
  26          
  27          
  28          
  29          
  30          
  31          
  32          
  33          
  34          
  35          
  36          
  37          
  38          
  39          /*
  40          #include <reg51.h>
  41          
  42          intt0() interrupt 1  { 
  43            P3++; 
  44          }
  45          
  46          main(){
  47            TMOD = 1;      
  48            ET0 = 1;      
  49            TR0 = 1;       
  50            EA = 1;       
  51          
  52            while(1);    
  53          }
  54          */
C51 COMPILER V9.60.0.0   MAIN                                                              11/19/2020 04:19:57 PAGE 2   

  55          
  56          
  57          
  58          
  59          
  60          
  61          
  62          
  63          
  64          
  65          
  66          
  67          
  68          
  69          
  70          
  71          
  72          
  73          /*
  74          #include <reg51.h>
  75          
  76          intt0() interrupt 0   
  77          { 
  78             P2 = TH0;
  79             P3 = TL0;
  80             TL0 = 0;
  81             TH0 = 0; 
  82              }
  83          main()
  84          { 
  85            TMOD = 9;
  86            TR0 = 1;      
  87             EX0 = 1;
  88             IT0 = 1;
  89             EA = 1;
  90            while(1);    
  91          }
  92          */
C51 COMPILER V9.60.0.0   MAIN                                                              11/19/2020 04:19:57 PAGE 3   

ASSEMBLY LISTING OF GENERATED OBJECT CODE


             ; FUNCTION intt0 (BEGIN)
0000 C0E0              PUSH    ACC
0002 C0D0              PUSH    PSW
0004 75D000            MOV     PSW,#00H
0007 C006              PUSH    AR6
0009 C007              PUSH    AR7
                                           ; SOURCE LINE # 3
                                           ; SOURCE LINE # 4
000B AFB0              MOV     R7,P3
000D 7E00              MOV     R6,#00H
000F EF                MOV     A,R7
0010 4E                ORL     A,R6
0011 7005              JNZ     ?C0001
                                           ; SOURCE LINE # 5
0013 75B064            MOV     P3,#064H
                                           ; SOURCE LINE # 6
0016 8003              SJMP    ?C0003
0018         ?C0001:
                                           ; SOURCE LINE # 7
0018 75B000            MOV     P3,#00H
                                           ; SOURCE LINE # 8
                                           ; SOURCE LINE # 9
001B         ?C0003:
001B D007              POP     AR7
001D D006              POP     AR6
001F D0D0              POP     PSW
0021 D0E0              POP     ACC
0023 32                RETI    
             ; FUNCTION intt0 (END)

             ; FUNCTION main (BEGIN)
                                           ; SOURCE LINE # 11
                                           ; SOURCE LINE # 12
0000 758901            MOV     TMOD,#01H
                                           ; SOURCE LINE # 13
0003 D28A              SETB    IT1
                                           ; SOURCE LINE # 14
0005 D2A9              SETB    ET0
                                           ; SOURCE LINE # 15
0007 D28C              SETB    TR0
                                           ; SOURCE LINE # 16
0009 D2AF              SETB    EA
000B         ?C0004:
                                           ; SOURCE LINE # 18
000B 80FE              SJMP    ?C0004
000D 22                RET     
             ; FUNCTION main (END)



MODULE INFORMATION:   STATIC OVERLAYABLE
   CODE SIZE        =     50    ----
   CONSTANT SIZE    =   ----    ----
   XDATA SIZE       =   ----    ----
   PDATA SIZE       =   ----    ----
   DATA SIZE        =   ----    ----
   IDATA SIZE       =   ----    ----
   BIT SIZE         =   ----    ----
END OF MODULE INFORMATION.

C51 COMPILER V9.60.0.0   MAIN                                                              11/19/2020 04:19:57 PAGE 4   


C51 COMPILATION COMPLETE.  0 WARNING(S),  0 ERROR(S)
